AR mux_8_to_1_muser_mux_8way_4bit behavioral "G:/New folder/Lab9_10final/Mux_8Way_4Bit.vhf" sub01/vhpl115 1481798569
EN mux_2_to_1_muser_nanosevenseg NULL "G:/New folder/Lab9_10final/NanoSevenSeg.vhf" sub01/vhpl176 1481741660
EN and6_mxilinx_instruction_decoder NULL "G:/New folder/Lab9_10final/Instruction_Decoder.vhf" sub00/vhpl04 1481798540
AR instruction_decoder_muser_nanosevenseg behavioral "G:/New folder/Lab9_10final/NanoSevenSeg.vhf" sub01/vhpl197 1481741681
EN program_counter_muser_nanosevenseg NULL "G:/New folder/Lab9_10final/NanoSevenSeg.vhf" sub01/vhpl156 1481741640
EN instruction_decoder_muser_nanosevenseg NULL "G:/New folder/Lab9_10final/NanoSevenSeg.vhf" sub01/vhpl196 1481741680
AR programrom_muser_nanoprocessor behavioral "G:/New folder/Lab9_10final/NanoProcessor.vhf" sub00/vhpl51 1481798491
EN nanoprocessor_muser_nanosevenseg NULL "G:/New folder/Lab9_10final/NanoSevenSeg.vhf" sub01/vhpl198 1481741682
AR load_select behavioral "G:/New folder/Lab9_10final/Load_Select.vhf" sub00/vhpl29 1481798601
AR in_out_connector behavioral "G:/New folder/Lab9_10final/In_Out_Connector.vhf" sub00/vhpl23 1481798595
AR fa_muser_nanosevenseg behavioral "G:/New folder/Lab9_10final/NanoSevenSeg.vhf" sub01/vhpl153 1481741637
AR bus_buffer behavioral "G:/New folder/Lab9_10final/Bus_Buffer.vhf" sub01/vhpl147 1481798535
AR decoder_in_muser_nanosevenseg behavioral "G:/New folder/Lab9_10final/NanoSevenSeg.vhf" sub01/vhpl195 1481741679
AR decoder_3_to_8_muser_nanosevenseg behavioral "G:/New folder/Lab9_10final/NanoSevenSeg.vhf" sub01/vhpl163 1481741647
EN decoder_in_muser_nanoprocessor NULL "G:/New folder/Lab9_10final/NanoProcessor.vhf" sub00/vhpl88 1481798516
EN decoder_in_muser_instruction_decoder NULL "G:/New folder/Lab9_10final/Instruction_Decoder.vhf" sub00/vhpl12 1481798548
AR mux_8_to_1 behavioral "G:/New folder/Lab9_10final/MUX_8_to_1.vhf" sub01/vhpl137 1481798611
EN ha_muser_fa NULL "G:/New folder/Lab9_10final/FA.vhf" sub00/vhpl38 1481798590
AR lut behavioral "G:/New folder/Lab9_10final/LUT.vhf" sub02/vhpl205 1481798553
EN ha_muser_addsubunit NULL "G:/New folder/Lab9_10final/AddSubUnit.vhf" sub00/vhpl94 1481798522
AR add_sub_select behavioral "G:/New folder/Lab9_10final/Add_Sub_Select.vhf" sub00/vhpl17 1481798585
AR mux_8way_4bit_muser_nanosevenseg behavioral "G:/New folder/Lab9_10final/NanoSevenSeg.vhf" sub01/vhpl175 1481741659
EN jump_reg NULL "G:/New folder/Lab9_10final/Jump_Reg.vhf" sub00/vhpl26 1481798598
EN mux_8_to_1_muser_nanoprocessor NULL "G:/New folder/Lab9_10final/NanoProcessor.vhf" sub00/vhpl64 1481798474
AR decoder_3_to_8_muser_regbank behavioral "G:/New folder/Lab9_10final/regBank.vhf" sub01/vhpl123 1481798579
EN mux_2way_4bit_muser_nanosevenseg NULL "G:/New folder/Lab9_10final/NanoSevenSeg.vhf" sub01/vhpl180 1481741664
EN decoder_2_to_4_muser_regbank NULL "G:/New folder/Lab9_10final/regBank.vhf" sub01/vhpl120 1481798576
EN decoder_3_to_8_muser_regbank NULL "G:/New folder/Lab9_10final/regBank.vhf" sub01/vhpl122 1481798578
EN fa_muser_addsubunit NULL "G:/New folder/Lab9_10final/AddSubUnit.vhf" sub00/vhpl96 1481798524
EN addsubunit_muser_nanoprocessor NULL "G:/New folder/Lab9_10final/NanoProcessor.vhf" sub00/vhpl60 1481798496
AR ha_muser_nanosevenseg behavioral "G:/New folder/Lab9_10final/NanoSevenSeg.vhf" sub01/vhpl151 1481741635
EN load_select_muser_instruction_decoder NULL "G:/New folder/Lab9_10final/Instruction_Decoder.vhf" sub00/vhpl10 1481798546
EN bit4_connector_muser_nanosevenseg NULL "G:/New folder/Lab9_10final/NanoSevenSeg.vhf" sub01/vhpl184 1481741668
AR mux_8_to_1_muser_nanosevenseg behavioral "G:/New folder/Lab9_10final/NanoSevenSeg.vhf" sub01/vhpl173 1481741657
EN ha_muser_nanosevenseg NULL "G:/New folder/Lab9_10final/NanoSevenSeg.vhf" sub01/vhpl150 1481741634
EN or8_mxilinx_mux_8_to_1 NULL "G:/New folder/Lab9_10final/MUX_8_to_1.vhf" sub01/vhpl130 1481798604
AR mux_2way_4bit_muser_nanosevenseg behavioral "G:/New folder/Lab9_10final/NanoSevenSeg.vhf" sub01/vhpl181 1481741665
AR in_out_connector_muser_instruction_decoder behavioral "G:/New folder/Lab9_10final/Instruction_Decoder.vhf" sub00/vhpl01 1481798537
AR add_3_muser_nanoprocessor behavioral "G:/New folder/Lab9_10final/NanoProcessor.vhf" sub00/vhpl49 1481798487
EN decoder_2_to_4_muser_nanoprocessor NULL "G:/New folder/Lab9_10final/NanoProcessor.vhf" sub00/vhpl52 1481798470
EN mux_2_to_1_muser_mux_2way_3bit NULL "G:/New folder/Lab9_10final/Mux_2Way_3Bit.vhf" sub01/vhpl100 1481798554
AR nanoprocessor_muser_nanosevenseg behavioral "G:/New folder/Lab9_10final/NanoSevenSeg.vhf" sub01/vhpl199 1481741683
AR regbank behavioral "G:/New folder/Lab9_10final/regBank.vhf" sub01/vhpl127 1481798583
AR mux_2_to_1_muser_mux_2way_4bit behavioral "G:/New folder/Lab9_10final/Mux_2Way_4Bit.vhf" sub01/vhpl105 1481798559
EN addsubunit NULL "G:/New folder/Lab9_10final/AddSubUnit.vhf" sub00/vhpl98 1481798526
EN in_out_connector_muser_nanosevenseg NULL "G:/New folder/Lab9_10final/NanoSevenSeg.vhf" sub01/vhpl182 1481741666
AR decoder_2_to_4_muser_nanosevenseg behavioral "G:/New folder/Lab9_10final/NanoSevenSeg.vhf" sub01/vhpl161 1481741645
EN programrom NULL "G:/New folder/Lab9_10final/ProgramRom.vhf" sub00/vhpl30 1481798572
EN mux_2way_3bit_muser_nanoprocessor NULL "G:/New folder/Lab9_10final/NanoProcessor.vhf" sub00/vhpl72 1481798500
EN bus_buffer_muser_nanosevenseg NULL "G:/New folder/Lab9_10final/NanoSevenSeg.vhf" sub01/vhpl148 1481741632
EN mux_2way_4bit NULL "G:/New folder/Lab9_10final/Mux_2Way_4Bit.vhf" sub01/vhpl106 1481798560
EN mux_2_to_1_muser_nanoprocessor NULL "G:/New folder/Lab9_10final/NanoProcessor.vhf" sub00/vhpl70 1481798498
AR instruction_decoder_muser_nanoprocessor behavioral "G:/New folder/Lab9_10final/NanoProcessor.vhf" sub00/vhpl91 1481798519
AR jump_reg behavioral "G:/New folder/Lab9_10final/Jump_Reg.vhf" sub00/vhpl27 1481798599
EN mux_8way_4bit_muser_nanoprocessor NULL "G:/New folder/Lab9_10final/NanoProcessor.vhf" sub00/vhpl66 1481798476
AR add_sub_select_muser_instruction_decoder behavioral "G:/New folder/Lab9_10final/Instruction_Decoder.vhf" sub00/vhpl09 1481798545
EN in_out_connector_muser_nanoprocessor NULL "G:/New folder/Lab9_10final/NanoProcessor.vhf" sub00/vhpl76 1481798504
AR addsubunit behavioral "G:/New folder/Lab9_10final/AddSubUnit.vhf" sub00/vhpl99 1481798527
AR jump_reg_muser_instruction_decoder behavioral "G:/New folder/Lab9_10final/Instruction_Decoder.vhf" sub00/vhpl07 1481798543
EN or8_mxilinx_mux_8way_4bit NULL "G:/New folder/Lab9_10final/Mux_8Way_4Bit.vhf" sub01/vhpl108 1481798562
EN mux_8way_4bit NULL "G:/New folder/Lab9_10final/Mux_8Way_4Bit.vhf" sub01/vhpl116 1481798570
AR add_3 behavioral "G:/New folder/Lab9_10final/Add_3.vhf" sub00/vhpl37 1481798533
EN addsubunit_muser_nanosevenseg NULL "G:/New folder/Lab9_10final/NanoSevenSeg.vhf" sub01/vhpl168 1481741652
EN add_3_muser_nanosevenseg NULL "G:/New folder/Lab9_10final/NanoSevenSeg.vhf" sub01/vhpl154 1481741638
EN reg_4bit_muser_nanoprocessor NULL "G:/New folder/Lab9_10final/NanoProcessor.vhf" sub00/vhpl56 1481798492
EN regbank NULL "G:/New folder/Lab9_10final/regBank.vhf" sub01/vhpl126 1481798582
AR in_out_connector_muser_nanosevenseg behavioral "G:/New folder/Lab9_10final/NanoSevenSeg.vhf" sub01/vhpl183 1481741667
EN program_counter_muser_nanoprocessor NULL "G:/New folder/Lab9_10final/NanoProcessor.vhf" sub00/vhpl68 1481798488
EN fa_muser_nanosevenseg NULL "G:/New folder/Lab9_10final/NanoSevenSeg.vhf" sub01/vhpl152 1481741636
AR and6_mxilinx_nanoprocessor behavioral "G:/New folder/Lab9_10final/NanoProcessor.vhf" sub00/vhpl81 1481798509
AR decoder_in behavioral "G:/New folder/Lab9_10final/Decoder_In.vhf" sub00/vhpl21 1481798589
EN programrom_muser_nanoprocessor NULL "G:/New folder/Lab9_10final/NanoProcessor.vhf" sub00/vhpl50 1481798490
AR decoder_in_muser_instruction_decoder behavioral "G:/New folder/Lab9_10final/Instruction_Decoder.vhf" sub00/vhpl13 1481798549
AR or8_mxilinx_nanoprocessor behavioral "G:/New folder/Lab9_10final/NanoProcessor.vhf" sub00/vhpl63 1481798469
EN in_out_connector NULL "G:/New folder/Lab9_10final/In_Out_Connector.vhf" sub00/vhpl22 1481798594
EN decoder_3_to_8_muser_nanoprocessor NULL "G:/New folder/Lab9_10final/NanoProcessor.vhf" sub00/vhpl54 1481798472
EN reg_4bit_muser_regbank NULL "G:/New folder/Lab9_10final/regBank.vhf" sub01/vhpl124 1481798580
AR decoder_2_to_4_muser_decoder_3_to_8 behavioral "G:/New folder/Lab9_10final/Decoder_3_to_8.vhf" sub01/vhpl141 1481798615
EN reg_4bit_muser_nanosevenseg NULL "G:/New folder/Lab9_10final/NanoSevenSeg.vhf" sub01/vhpl164 1481741648
AR reg_4bit_muser_nanoprocessor behavioral "G:/New folder/Lab9_10final/NanoProcessor.vhf" sub00/vhpl57 1481798493
AR programrom_muser_nanosevenseg behavioral "G:/New folder/Lab9_10final/NanoSevenSeg.vhf" sub01/vhpl159 1481741643
AR or8_mxilinx_mux_8way_4bit behavioral "G:/New folder/Lab9_10final/Mux_8Way_4Bit.vhf" sub01/vhpl109 1481798563
AR and6_mxilinx_jump_reg behavioral "G:/New folder/Lab9_10final/Jump_Reg.vhf" sub00/vhpl25 1481798597
AR fa_muser_addsubunit behavioral "G:/New folder/Lab9_10final/AddSubUnit.vhf" sub00/vhpl97 1481798525
AR bit4_connector_muser_instruction_decoder behavioral "G:/New folder/Lab9_10final/Instruction_Decoder.vhf" sub00/vhpl03 1481798539
AR program_counter_muser_nanoprocessor behavioral "G:/New folder/Lab9_10final/NanoProcessor.vhf" sub00/vhpl69 1481798489
AR reg_4bit_muser_regbank behavioral "G:/New folder/Lab9_10final/regBank.vhf" sub01/vhpl125 1481798581
EN program_counter NULL "G:/New folder/Lab9_10final/Program_counter.vhf" sub01/vhpl118 1481798574
AR jump_reg_muser_nanoprocessor behavioral "G:/New folder/Lab9_10final/NanoProcessor.vhf" sub00/vhpl83 1481798511
AR decoder_2_to_4_muser_mux_8_to_1 behavioral "G:/New folder/Lab9_10final/MUX_8_to_1.vhf" sub01/vhpl133 1481798607
EN bit4_connector_muser_nanoprocessor NULL "G:/New folder/Lab9_10final/NanoProcessor.vhf" sub00/vhpl78 1481798506
EN regbank_muser_nanoprocessor NULL "G:/New folder/Lab9_10final/NanoProcessor.vhf" sub00/vhpl58 1481798494
AR load_select_muser_nanosevenseg behavioral "G:/New folder/Lab9_10final/NanoSevenSeg.vhf" sub01/vhpl193 1481741677
EN mux_8_to_1_muser_mux_8way_4bit NULL "G:/New folder/Lab9_10final/Mux_8Way_4Bit.vhf" sub01/vhpl114 1481798568
AR ha_muser_add_3 behavioral "G:/New folder/Lab9_10final/Add_3.vhf" sub00/vhpl33 1481798529
EN and6_mxilinx_nanosevenseg NULL "G:/New folder/Lab9_10final/NanoSevenSeg.vhf" sub01/vhpl186 1481741670
AR fa_muser_add_3 behavioral "G:/New folder/Lab9_10final/Add_3.vhf" sub00/vhpl35 1481798531
AR mux_2_to_1_muser_nanoprocessor behavioral "G:/New folder/Lab9_10final/NanoProcessor.vhf" sub00/vhpl71 1481798499
EN jump_reg_muser_instruction_decoder NULL "G:/New folder/Lab9_10final/Instruction_Decoder.vhf" sub00/vhpl06 1481798542
AR mux_2way_3bit_muser_nanoprocessor behavioral "G:/New folder/Lab9_10final/NanoProcessor.vhf" sub00/vhpl73 1481798501
EN add_3_muser_nanoprocessor NULL "G:/New folder/Lab9_10final/NanoProcessor.vhf" sub00/vhpl48 1481798486
AR bit4_connector_muser_nanoprocessor behavioral "G:/New folder/Lab9_10final/NanoProcessor.vhf" sub00/vhpl79 1481798507
AR program_counter behavioral "G:/New folder/Lab9_10final/Program_counter.vhf" sub01/vhpl119 1481798575
AR decoder_in_muser_nanoprocessor behavioral "G:/New folder/Lab9_10final/NanoProcessor.vhf" sub00/vhpl89 1481798517
AR reg_4bit behavioral "G:/New folder/Lab9_10final/reg_4bit.vhf" sub01/vhpl139 1481798613
EN mux_2_to_1_muser_mux_2way_4bit NULL "G:/New folder/Lab9_10final/Mux_2Way_4Bit.vhf" sub01/vhpl104 1481798558
AR mux_2way_4bit behavioral "G:/New folder/Lab9_10final/Mux_2Way_4Bit.vhf" sub01/vhpl107 1481798561
EN decoder_2_to_4_muser_mux_8way_4bit NULL "G:/New folder/Lab9_10final/Mux_8Way_4Bit.vhf" sub01/vhpl110 1481798564
EN lut_muser_nanoprocessor NULL "G:/New folder/Lab9_10final/NanoProcessor.vhf" sub02/vhpl202 1481798478
AR bus_buffer_muser_nanoprocessor behavioral "G:/New folder/Lab9_10final/NanoProcessor.vhf" sub01/vhpl145 1481798481
AR in_out_connector_muser_nanoprocessor behavioral "G:/New folder/Lab9_10final/NanoProcessor.vhf" sub00/vhpl77 1481798505
AR decoder_2_to_4_muser_nanoprocessor behavioral "G:/New folder/Lab9_10final/NanoProcessor.vhf" sub00/vhpl53 1481798471
AR lut_muser_nanoprocessor behavioral "G:/New folder/Lab9_10final/NanoProcessor.vhf" sub02/vhpl203 1481798479
AR addsubunit_muser_nanosevenseg behavioral "G:/New folder/Lab9_10final/NanoSevenSeg.vhf" sub01/vhpl169 1481741653
EN fa NULL "G:/New folder/Lab9_10final/FA.vhf" sub00/vhpl40 1481798592
AR nanosevenseg behavioral "G:/New folder/Lab9_10final/NanoSevenSeg.vhf" sub02/vhpl201 1481741685
AR decoder_2_to_4_muser_mux_8way_4bit behavioral "G:/New folder/Lab9_10final/Mux_8Way_4Bit.vhf" sub01/vhpl111 1481798565
EN ha NULL "G:/New folder/Lab9_10final/HA.vhf" sub00/vhpl42 1481798618
EN fa_muser_nanoprocessor NULL "G:/New folder/Lab9_10final/NanoProcessor.vhf" sub00/vhpl46 1481798484
AR ha behavioral "G:/New folder/Lab9_10final/HA.vhf" sub00/vhpl43 1481798619
EN ha_muser_add_3 NULL "G:/New folder/Lab9_10final/Add_3.vhf" sub00/vhpl32 1481798528
AR ha_muser_addsubunit behavioral "G:/New folder/Lab9_10final/AddSubUnit.vhf" sub00/vhpl95 1481798523
EN mux_2way_3bit_muser_nanosevenseg NULL "G:/New folder/Lab9_10final/NanoSevenSeg.vhf" sub01/vhpl178 1481741662
EN decoder_2_to_4_muser_mux_8_to_1 NULL "G:/New folder/Lab9_10final/MUX_8_to_1.vhf" sub01/vhpl132 1481798606
EN jump_reg_muser_nanoprocessor NULL "G:/New folder/Lab9_10final/NanoProcessor.vhf" sub00/vhpl82 1481798510
EN mux_2_to_1 NULL "G:/New folder/Lab9_10final/MUX_2_to_1.vhf" sub01/vhpl128 1481798602
AR addsubunit_muser_nanoprocessor behavioral "G:/New folder/Lab9_10final/NanoProcessor.vhf" sub00/vhpl61 1481798497
EN instruction_decoder_muser_nanoprocessor NULL "G:/New folder/Lab9_10final/NanoProcessor.vhf" sub00/vhpl90 1481798518
AR mux_2_to_1 behavioral "G:/New folder/Lab9_10final/MUX_2_to_1.vhf" sub01/vhpl129 1481798603
EN add_sub_select NULL "G:/New folder/Lab9_10final/Add_Sub_Select.vhf" sub00/vhpl16 1481798584
AR mux_2_to_1_muser_mux_2way_3bit behavioral "G:/New folder/Lab9_10final/Mux_2Way_3Bit.vhf" sub01/vhpl101 1481798555
AR program_counter_muser_nanosevenseg behavioral "G:/New folder/Lab9_10final/NanoSevenSeg.vhf" sub01/vhpl157 1481741641
EN and6_mxilinx_jump_reg NULL "G:/New folder/Lab9_10final/Jump_Reg.vhf" sub00/vhpl24 1481798596
EN decoder_3_to_8_muser_mux_8way_4bit NULL "G:/New folder/Lab9_10final/Mux_8Way_4Bit.vhf" sub01/vhpl112 1481798566
EN decoder_3_to_8 NULL "G:/New folder/Lab9_10final/Decoder_3_to_8.vhf" sub01/vhpl142 1481798616
AR mux_8way_4bit_muser_nanoprocessor behavioral "G:/New folder/Lab9_10final/NanoProcessor.vhf" sub00/vhpl67 1481798477
EN bus_buffer_muser_nanoprocessor NULL "G:/New folder/Lab9_10final/NanoProcessor.vhf" sub01/vhpl144 1481798480
AR decoder_3_to_8_muser_mux_8_to_1 behavioral "G:/New folder/Lab9_10final/MUX_8_to_1.vhf" sub01/vhpl135 1481798609
EN add_sub_select_muser_nanoprocessor NULL "G:/New folder/Lab9_10final/NanoProcessor.vhf" sub00/vhpl84 1481798512
AR decoder_2_to_4_muser_regbank behavioral "G:/New folder/Lab9_10final/regBank.vhf" sub01/vhpl121 1481798577
AR load_select_muser_nanoprocessor behavioral "G:/New folder/Lab9_10final/NanoProcessor.vhf" sub00/vhpl87 1481798515
AR ha_muser_fa behavioral "G:/New folder/Lab9_10final/FA.vhf" sub00/vhpl39 1481798591
AR add_sub_select_muser_nanosevenseg behavioral "G:/New folder/Lab9_10final/NanoSevenSeg.vhf" sub01/vhpl191 1481741675
AR or8_mxilinx_mux_8_to_1 behavioral "G:/New folder/Lab9_10final/MUX_8_to_1.vhf" sub01/vhpl131 1481798605
AR add_sub_select_muser_nanoprocessor behavioral "G:/New folder/Lab9_10final/NanoProcessor.vhf" sub00/vhpl85 1481798513
EN lut NULL "G:/New folder/Lab9_10final/LUT.vhf" sub02/vhpl204 1481798552
EN add_sub_select_muser_nanosevenseg NULL "G:/New folder/Lab9_10final/NanoSevenSeg.vhf" sub01/vhpl190 1481741674
EN add_sub_select_muser_instruction_decoder NULL "G:/New folder/Lab9_10final/Instruction_Decoder.vhf" sub00/vhpl08 1481798544
EN add_3 NULL "G:/New folder/Lab9_10final/Add_3.vhf" sub00/vhpl36 1481798532
AR regbank_muser_nanosevenseg behavioral "G:/New folder/Lab9_10final/NanoSevenSeg.vhf" sub01/vhpl167 1481741651
EN programrom_muser_nanosevenseg NULL "G:/New folder/Lab9_10final/NanoSevenSeg.vhf" sub01/vhpl158 1481741642
AR mux_2way_4bit_muser_nanoprocessor behavioral "G:/New folder/Lab9_10final/NanoProcessor.vhf" sub00/vhpl75 1481798503
AR nanoprocessor behavioral "G:/New folder/Lab9_10final/NanoProcessor.vhf" sub00/vhpl93 1481798521
EN decoder_in_muser_nanosevenseg NULL "G:/New folder/Lab9_10final/NanoSevenSeg.vhf" sub01/vhpl194 1481741678
AR reg_4bit_muser_nanosevenseg behavioral "G:/New folder/Lab9_10final/NanoSevenSeg.vhf" sub01/vhpl165 1481741649
EN and6_mxilinx_nanoprocessor NULL "G:/New folder/Lab9_10final/NanoProcessor.vhf" sub00/vhpl80 1481798508
AR ha_muser_nanoprocessor behavioral "G:/New folder/Lab9_10final/NanoProcessor.vhf" sub00/vhpl45 1481798483
EN ha_muser_nanoprocessor NULL "G:/New folder/Lab9_10final/NanoProcessor.vhf" sub00/vhpl44 1481798482
EN bus_buffer NULL "G:/New folder/Lab9_10final/Bus_Buffer.vhf" sub01/vhpl146 1481798534
AR mux_2way_3bit_muser_nanosevenseg behavioral "G:/New folder/Lab9_10final/NanoSevenSeg.vhf" sub01/vhpl179 1481741663
AR add_3_muser_nanosevenseg behavioral "G:/New folder/Lab9_10final/NanoSevenSeg.vhf" sub01/vhpl155 1481741639
EN or8_mxilinx_nanosevenseg NULL "G:/New folder/Lab9_10final/NanoSevenSeg.vhf" sub01/vhpl170 1481741654
EN nanosevenseg NULL "G:/New folder/Lab9_10final/NanoSevenSeg.vhf" sub02/vhpl200 1481741684
AR regbank_muser_nanoprocessor behavioral "G:/New folder/Lab9_10final/NanoProcessor.vhf" sub00/vhpl59 1481798495
EN mux_8_to_1 NULL "G:/New folder/Lab9_10final/MUX_8_to_1.vhf" sub01/vhpl136 1481798610
AR mux_8way_4bit behavioral "G:/New folder/Lab9_10final/Mux_8Way_4Bit.vhf" sub01/vhpl117 1481798571
EN in_out_connector_muser_instruction_decoder NULL "G:/New folder/Lab9_10final/Instruction_Decoder.vhf" sub00/vhpl00 1481798536
EN decoder_2_to_4_muser_nanosevenseg NULL "G:/New folder/Lab9_10final/NanoSevenSeg.vhf" sub01/vhpl160 1481741644
EN bit4_connector_muser_instruction_decoder NULL "G:/New folder/Lab9_10final/Instruction_Decoder.vhf" sub00/vhpl02 1481798538
EN bit4_connector NULL "G:/New folder/Lab9_10final/Bit4_Connector.vhf" sub00/vhpl18 1481798586
AR decoder_3_to_8_muser_nanoprocessor behavioral "G:/New folder/Lab9_10final/NanoProcessor.vhf" sub00/vhpl55 1481798473
EN decoder_in NULL "G:/New folder/Lab9_10final/Decoder_In.vhf" sub00/vhpl20 1481798588
EN decoder_2_to_4_muser_decoder_3_to_8 NULL "G:/New folder/Lab9_10final/Decoder_3_to_8.vhf" sub01/vhpl140 1481798614
EN reg_4bit NULL "G:/New folder/Lab9_10final/reg_4bit.vhf" sub01/vhpl138 1481798612
AR jump_reg_muser_nanosevenseg behavioral "G:/New folder/Lab9_10final/NanoSevenSeg.vhf" sub01/vhpl189 1481741673
EN decoder_3_to_8_muser_nanosevenseg NULL "G:/New folder/Lab9_10final/NanoSevenSeg.vhf" sub01/vhpl162 1481741646
AR mux_2_to_1_muser_nanosevenseg behavioral "G:/New folder/Lab9_10final/NanoSevenSeg.vhf" sub01/vhpl177 1481741661
AR fa behavioral "G:/New folder/Lab9_10final/FA.vhf" sub00/vhpl41 1481798593
AR fa_muser_nanoprocessor behavioral "G:/New folder/Lab9_10final/NanoProcessor.vhf" sub00/vhpl47 1481798485
EN instruction_decoder NULL "G:/New folder/Lab9_10final/Instruction_Decoder.vhf" sub00/vhpl14 1481798550
EN load_select NULL "G:/New folder/Lab9_10final/Load_Select.vhf" sub00/vhpl28 1481798600
EN jump_reg_muser_nanosevenseg NULL "G:/New folder/Lab9_10final/NanoSevenSeg.vhf" sub01/vhpl188 1481741672
AR or8_mxilinx_nanosevenseg behavioral "G:/New folder/Lab9_10final/NanoSevenSeg.vhf" sub01/vhpl171 1481741655
AR decoder_3_to_8_muser_mux_8way_4bit behavioral "G:/New folder/Lab9_10final/Mux_8Way_4Bit.vhf" sub01/vhpl113 1481798567
AR instruction_decoder behavioral "G:/New folder/Lab9_10final/Instruction_Decoder.vhf" sub00/vhpl15 1481798551
AR bit4_connector_muser_nanosevenseg behavioral "G:/New folder/Lab9_10final/NanoSevenSeg.vhf" sub01/vhpl185 1481741669
EN mux_2way_3bit NULL "G:/New folder/Lab9_10final/Mux_2Way_3Bit.vhf" sub01/vhpl102 1481798556
EN mux_2way_4bit_muser_nanoprocessor NULL "G:/New folder/Lab9_10final/NanoProcessor.vhf" sub00/vhpl74 1481798502
AR bus_buffer_muser_nanosevenseg behavioral "G:/New folder/Lab9_10final/NanoSevenSeg.vhf" sub01/vhpl149 1481741633
EN decoder_3_to_8_muser_mux_8_to_1 NULL "G:/New folder/Lab9_10final/MUX_8_to_1.vhf" sub01/vhpl134 1481798608
AR and6_mxilinx_instruction_decoder behavioral "G:/New folder/Lab9_10final/Instruction_Decoder.vhf" sub00/vhpl05 1481798541
EN load_select_muser_nanoprocessor NULL "G:/New folder/Lab9_10final/NanoProcessor.vhf" sub00/vhpl86 1481798514
EN mux_8way_4bit_muser_nanosevenseg NULL "G:/New folder/Lab9_10final/NanoSevenSeg.vhf" sub01/vhpl174 1481741658
EN load_select_muser_nanosevenseg NULL "G:/New folder/Lab9_10final/NanoSevenSeg.vhf" sub01/vhpl192 1481741676
AR mux_8_to_1_muser_nanoprocessor behavioral "G:/New folder/Lab9_10final/NanoProcessor.vhf" sub00/vhpl65 1481798475
AR programrom behavioral "G:/New folder/Lab9_10final/ProgramRom.vhf" sub00/vhpl31 1481798573
EN or8_mxilinx_nanoprocessor NULL "G:/New folder/Lab9_10final/NanoProcessor.vhf" sub00/vhpl62 1481798468
AR decoder_3_to_8 behavioral "G:/New folder/Lab9_10final/Decoder_3_to_8.vhf" sub01/vhpl143 1481798617
AR and6_mxilinx_nanosevenseg behavioral "G:/New folder/Lab9_10final/NanoSevenSeg.vhf" sub01/vhpl187 1481741671
EN nanoprocessor NULL "G:/New folder/Lab9_10final/NanoProcessor.vhf" sub00/vhpl92 1481798520
AR load_select_muser_instruction_decoder behavioral "G:/New folder/Lab9_10final/Instruction_Decoder.vhf" sub00/vhpl11 1481798547
AR mux_2way_3bit behavioral "G:/New folder/Lab9_10final/Mux_2Way_3Bit.vhf" sub01/vhpl103 1481798557
EN fa_muser_add_3 NULL "G:/New folder/Lab9_10final/Add_3.vhf" sub00/vhpl34 1481798530
EN mux_8_to_1_muser_nanosevenseg NULL "G:/New folder/Lab9_10final/NanoSevenSeg.vhf" sub01/vhpl172 1481741656
AR bit4_connector behavioral "G:/New folder/Lab9_10final/Bit4_Connector.vhf" sub00/vhpl19 1481798587
EN regbank_muser_nanosevenseg NULL "G:/New folder/Lab9_10final/NanoSevenSeg.vhf" sub01/vhpl166 1481741650
